사이트맵 가져오는 중...
사이트맵 총 게시물 수: 1088
다운로드 대상: 987개 (범위 101~1108 중 사이트맵에 존재하는 것)
사이트맵에 없는 번호(결번): 21 [
  394, 399, 409, 411, 425,
  437, 442, 444, 447, 452,
  456, 483, 496, 542, 544,
  582, 593, 622, 662, 817,
  939
]
[OK] 0136 (463799 bytes)
[OK] 0137 (647929 bytes)
[OK] 0138 (484370 bytes)
[OK] 0139 (564300 bytes)
[OK] 0140 (557496 bytes)
[OK] 0141 (690872 bytes)
[OK] 0142 (446448 bytes)
[OK] 0143 (710991 bytes)
[OK] 0144 (605426 bytes)
[OK] 0145 (693052 bytes)
[OK] 0146 (458842 bytes)
[OK] 0292 (893015 bytes)
[OK] 0462 (290491 bytes)
[OK] 0520 (684361 bytes)
[FAIL] 0721: og:image 메타 태그를 찾지 못함
[FAIL] 0836: og:image 메타 태그를 찾지 못함
[OK] 0849 (940648 bytes)
[OK] 0850 (950459 bytes)
[OK] 0851 (866587 bytes)
[OK] 0852 (956327 bytes)
[OK] 0853 (570674 bytes)
[OK] 0854 (569631 bytes)
[OK] 0855 (727135 bytes)
[OK] 0856 (976487 bytes)
[OK] 0857 (2431237 bytes)
[OK] 0858 (2081625 bytes)
[OK] 0859 (1300807 bytes)
[OK] 0860 (1245300 bytes)
[OK] 0861 (1094765 bytes)
[OK] 0862 (981603 bytes)
[OK] 0863 (1487672 bytes)
[OK] 0864 (1066537 bytes)
[OK] 0865 (834863 bytes)
[OK] 0866 (1496790 bytes)
[OK] 0867 (979069 bytes)
[OK] 0868 (725934 bytes)
[OK] 0869 (1288349 bytes)
[OK] 0870 (1733586 bytes)
[OK] 0871 (802745 bytes)
[OK] 0872 (1599710 bytes)
[OK] 0873 (552922 bytes)
[OK] 0874 (719785 bytes)
[OK] 0875 (434261 bytes)
[OK] 0876 (828299 bytes)
[OK] 0877 (1056704 bytes)
[OK] 0878 (895782 bytes)
[OK] 0879 (787063 bytes)
[OK] 0880 (941207 bytes)
[OK] 0881 (995236 bytes)
[OK] 0882 (425376 bytes)
[OK] 0883 (671342 bytes)
[OK] 0884 (808178 bytes)
[OK] 0885 (860656 bytes)
[OK] 0886 (678431 bytes)
[OK] 0887 (855326 bytes)
[OK] 0888 (379960 bytes)
[OK] 0889 (614384 bytes)
[OK] 0890 (938058 bytes)
[OK] 0891 (1029262 bytes)
[OK] 0892 (802600 bytes)
[OK] 0893 (608521 bytes)
[OK] 0894 (1015086 bytes)
[OK] 0895 (478400 bytes)
[OK] 0896 (1666387 bytes)
[OK] 0897 (642169 bytes)
[OK] 0898 (708112 bytes)
[FAIL] 0899: og:image 메타 태그를 찾지 못함
[OK] 0900 (760255 bytes)
[OK] 0901 (569683 bytes)
[OK] 0902 (923662 bytes)
[OK] 0903 (574780 bytes)
[OK] 0904 (875497 bytes)
[OK] 0905 (1143673 bytes)
[OK] 0906 (1003614 bytes)
[OK] 0907 (1081767 bytes)
[OK] 0908 (538336 bytes)
[OK] 0909 (710367 bytes)
[OK] 0910 (1387915 bytes)
[OK] 0911 (675120 bytes)
[OK] 0912 (1178478 bytes)
[OK] 0913 (1334082 bytes)
[OK] 0914 (830110 bytes)
[OK] 0915 (636769 bytes)
[OK] 0916 (1166429 bytes)
[OK] 0917 (850696 bytes)
[OK] 0918 (771660 bytes)
[OK] 0919 (755325 bytes)
[OK] 0920 (629390 bytes)
[OK] 0921 (667600 bytes)
[OK] 0922 (772188 bytes)
[OK] 0923 (1052822 bytes)
[OK] 0924 (824576 bytes)
[OK] 0925 (708996 bytes)
[OK] 0926 (1514026 bytes)
[OK] 0927 (743481 bytes)
[OK] 0928 (639248 bytes)
[OK] 0929 (831832 bytes)
[OK] 0930 (1122802 bytes)
[OK] 0931 (512130 bytes)
[OK] 0932 (611834 bytes)
[OK] 0933 (1029521 bytes)
[OK] 0934 (1275724 bytes)
[OK] 0935 (971281 bytes)
[OK] 0936 (1148411 bytes)
[OK] 0937 (957025 bytes)
[OK] 0938 (442250 bytes)
[OK] 0940 (428983 bytes)
[OK] 0941 (1780490 bytes)
[OK] 0942 (810886 bytes)
[OK] 0943 (633957 bytes)
[OK] 0944 (776815 bytes)
[OK] 0945 (1024728 bytes)
[OK] 0946 (1280318 bytes)
[OK] 0947 (882060 bytes)
[OK] 0948 (902648 bytes)
[OK] 0949 (527903 bytes)
[OK] 0950 (978481 bytes)
[OK] 0951 (542648 bytes)
[OK] 0952 (498979 bytes)
[OK] 0953 (1122396 bytes)
[OK] 0954 (1418240 bytes)
[OK] 0955 (708663 bytes)
[OK] 0956 (1032457 bytes)
[OK] 0957 (771471 bytes)
[OK] 0958 (889987 bytes)
[OK] 0959 (661202 bytes)
[OK] 0960 (1028769 bytes)
[OK] 0961 (714552 bytes)
[OK] 0962 (1513573 bytes)
[OK] 0963 (368419 bytes)
[OK] 0964 (1144338 bytes)
[OK] 0965 (286160 bytes)
[OK] 0966 (554168 bytes)
[OK] 0967 (1224823 bytes)
[OK] 0968 (1316208 bytes)
[OK] 0969 (969815 bytes)
[OK] 0970 (1309729 bytes)
[OK] 0971 (1375606 bytes)
[OK] 0972 (746663 bytes)
[OK] 0973 (608675 bytes)
[OK] 0974 (1054127 bytes)
[OK] 0975 (1629834 bytes)
[OK] 0976 (965352 bytes)
[OK] 0977 (114505 bytes)
[OK] 0978 (87481 bytes)
[OK] 0979 (110387 bytes)
[OK] 0980 (104001 bytes)
[OK] 0981 (81590 bytes)
[OK] 0982 (88505 bytes)
[FAIL] 0983: og:image 메타 태그를 찾지 못함
[OK] 0984 (84077 bytes)
[OK] 0985 (81871 bytes)
[OK] 0986 (88550 bytes)
[OK] 0987 (1050063 bytes)
[OK] 0988 (799674 bytes)
[OK] 0989 (864697 bytes)
[OK] 0990 (933977 bytes)
[OK] 0991 (646434 bytes)
[OK] 0992 (514719 bytes)
[OK] 0993 (1063543 bytes)
[OK] 0994 (800183 bytes)
[OK] 0995 (1043625 bytes)
[OK] 0996 (1995923 bytes)
[OK] 0997 (1528304 bytes)
[OK] 0998 (750602 bytes)
[OK] 0999 (990621 bytes)
[OK] 1000 (2217433 bytes)
[OK] 1001 (477051 bytes)
[OK] 1002 (1126612 bytes)
[OK] 1003 (1332458 bytes)
[OK] 1004 (2684584 bytes)
[OK] 1005 (1344215 bytes)
[OK] 1006 (1197395 bytes)
[OK] 1007 (807875 bytes)
[OK] 1008 (932967 bytes)
[OK] 1009 (1675855 bytes)
[OK] 1010 (879959 bytes)
[OK] 1011 (790809 bytes)
[OK] 1012 (715764 bytes)
[OK] 1013 (1466645 bytes)
[OK] 1014 (748359 bytes)
[OK] 1015 (972830 bytes)
[OK] 1016 (1100717 bytes)
[OK] 1017 (907464 bytes)
[OK] 1018 (831414 bytes)
[OK] 1019 (1940330 bytes)
[OK] 1020 (1124578 bytes)
[OK] 1021 (1529302 bytes)
[OK] 1022 (1248988 bytes)
[OK] 1023 (1465086 bytes)
[OK] 1024 (930746 bytes)
[OK] 1025 (956345 bytes)
[OK] 1026 (836473 bytes)
[OK] 1027 (907125 bytes)
[OK] 1028 (1035592 bytes)
[OK] 1029 (747086 bytes)
[OK] 1030 (960800 bytes)
[OK] 1031 (1321226 bytes)
[OK] 1032 (734222 bytes)
[OK] 1033 (743892 bytes)
[OK] 1034 (1004135 bytes)
[OK] 1035 (735590 bytes)
[OK] 1036 (832773 bytes)
[OK] 1037 (1810732 bytes)
[OK] 1038 (1455801 bytes)
[OK] 1039 (1037048 bytes)
[OK] 1040 (981128 bytes)
[OK] 1041 (886214 bytes)
[OK] 1042 (719808 bytes)
[OK] 1043 (950799 bytes)
[OK] 1044 (790596 bytes)
[OK] 1045 (1530088 bytes)
[OK] 1046 (2347425 bytes)
[OK] 1047 (666604 bytes)
[OK] 1048 (1356098 bytes)
[OK] 1049 (1434611 bytes)
[OK] 1050 (931465 bytes)
[OK] 1051 (455459 bytes)
[OK] 1052 (1671 bytes)
[OK] 1053 (537854 bytes)
[OK] 1054 (702498 bytes)
[OK] 1055 (1222861 bytes)
[OK] 1056 (363698 bytes)
[OK] 1057 (735658 bytes)
[OK] 1058 (1056467 bytes)
[OK] 1059 (1886542 bytes)
[OK] 1060 (1279068 bytes)
[OK] 1061 (865584 bytes)
[OK] 1062 (1170208 bytes)
[OK] 1063 (852540 bytes)
[OK] 1064 (824811 bytes)
[OK] 1065 (1411794 bytes)
[OK] 1066 (1095774 bytes)
[OK] 1067 (833452 bytes)
[OK] 1068 (792878 bytes)
[OK] 1069 (1035651 bytes)
[OK] 1070 (949036 bytes)
[OK] 1071 (1070303 bytes)
[OK] 1072 (1801949 bytes)
[OK] 1073 (1396468 bytes)
[OK] 1074 (538659 bytes)
[OK] 1075 (676930 bytes)
[OK] 1076 (356117 bytes)
[OK] 1077 (837536 bytes)
[OK] 1078 (491405 bytes)
[OK] 1079 (713206 bytes)
[OK] 1080 (990444 bytes)
[OK] 1081 (2305233 bytes)
[OK] 1082 (1375332 bytes)
[OK] 1083 (1447478 bytes)
[OK] 1084 (1689909 bytes)
[OK] 1085 (1088098 bytes)
[OK] 1086 (847636 bytes)
[OK] 1087 (4217535 bytes)
[OK] 1088 (769892 bytes)
[OK] 1089 (679954 bytes)
[OK] 1090 (620709 bytes)
[OK] 1091 (908665 bytes)
[OK] 1092 (324720 bytes)
[OK] 1093 (755480 bytes)
[OK] 1094 (879458 bytes)
[OK] 1095 (675850 bytes)
[OK] 1096 (814108 bytes)
[OK] 1097 (975478 bytes)
[OK] 1098 (777883 bytes)
[OK] 1099 (1173906 bytes)
[OK] 1100 (882606 bytes)
[OK] 1101 (586170 bytes)
[OK] 1102 (516621 bytes)
[OK] 1103 (594799 bytes)
[OK] 1104 (1472034 bytes)
[OK] 1105 (1061170 bytes)
[OK] 1106 (635187 bytes)
[OK] 1107 (715011 bytes)
[OK] 1108 (1047397 bytes)

=== 완료 ===
성공: 271
실패: 4
이미 존재해서 건너뜀: 712
실패 목록: [ 721, 836, 899, 983 ]
