사이트맵 가져오는 중...
사이트맵 총 게시물 수: 1088
다운로드 대상: 987개 (범위 101~1108 중 사이트맵에 존재하는 것)
사이트맵에 없는 번호(결번): 21 [
  394, 399, 409, 411, 425,
  437, 442, 444, 447, 452,
  456, 483, 496, 542, 544,
  582, 593, 622, 662, 817,
  939
]
[OK] 0101 (450176 bytes)
[OK] 0102 (355509 bytes)
[OK] 0103 (586065 bytes)
[OK] 0104 (586682 bytes)
[OK] 0105 (659167 bytes)
[OK] 0106 (237853 bytes)
[OK] 0107 (757472 bytes)
[OK] 0108 (534271 bytes)
[OK] 0109 (530491 bytes)
[OK] 0110 (440392 bytes)
[OK] 0111 (307437 bytes)
[OK] 0112 (416325 bytes)
[OK] 0113 (468716 bytes)
[OK] 0114 (363903 bytes)
[OK] 0115 (448725 bytes)
[OK] 0116 (634579 bytes)
[OK] 0117 (368186 bytes)
[OK] 0118 (517788 bytes)
[OK] 0119 (359161 bytes)
[OK] 0120 (318222 bytes)
[OK] 0121 (265917 bytes)
[OK] 0122 (507702 bytes)
[OK] 0123 (763120 bytes)
[OK] 0124 (562011 bytes)
[OK] 0125 (756493 bytes)
[OK] 0126 (503452 bytes)
[OK] 0127 (477036 bytes)
[OK] 0128 (562587 bytes)
[OK] 0129 (471081 bytes)
[OK] 0130 (570475 bytes)
[OK] 0131 (390322 bytes)
[OK] 0132 (448971 bytes)
[OK] 0133 (486053 bytes)
[OK] 0134 (536593 bytes)
[OK] 0135 (432389 bytes)
[FAIL] 0136: og:image 메타 태그를 찾지 못함
[FAIL] 0137: HTTP 429
[FAIL] 0138: HTTP 429
[FAIL] 0139: HTTP 429
[FAIL] 0140: HTTP 429
[FAIL] 0141: HTTP 429
[FAIL] 0142: HTTP 429
[FAIL] 0143: HTTP 429
[FAIL] 0144: HTTP 429
[FAIL] 0145: HTTP 429
[FAIL] 0146: HTTP 429
[OK] 0147 (589672 bytes)
[OK] 0148 (669762 bytes)
[OK] 0149 (648860 bytes)
[OK] 0150 (607138 bytes)
[OK] 0151 (733687 bytes)
[OK] 0152 (648034 bytes)
[OK] 0153 (469848 bytes)
[OK] 0154 (490062 bytes)
[OK] 0155 (425621 bytes)
[OK] 0156 (568006 bytes)
[OK] 0157 (508355 bytes)
[OK] 0158 (405825 bytes)
[OK] 0159 (399322 bytes)
[OK] 0160 (619414 bytes)
[OK] 0161 (440831 bytes)
[OK] 0162 (507198 bytes)
[OK] 0163 (684377 bytes)
[OK] 0164 (430434 bytes)
[OK] 0165 (515408 bytes)
[OK] 0166 (428106 bytes)
[OK] 0167 (466310 bytes)
[OK] 0168 (1202816 bytes)
[OK] 0169 (546916 bytes)
[OK] 0170 (702757 bytes)
[OK] 0171 (583301 bytes)
[OK] 0172 (716403 bytes)
[OK] 0173 (726422 bytes)
[OK] 0174 (484617 bytes)
[OK] 0175 (414382 bytes)
[OK] 0176 (499128 bytes)
[OK] 0177 (403456 bytes)
[OK] 0178 (543321 bytes)
[OK] 0179 (718026 bytes)
[OK] 0180 (596765 bytes)
[OK] 0181 (739453 bytes)
[OK] 0182 (720978 bytes)
[OK] 0183 (699728 bytes)
[OK] 0184 (691618 bytes)
[OK] 0185 (678140 bytes)
[OK] 0186 (683405 bytes)
[OK] 0187 (567004 bytes)
[OK] 0188 (512578 bytes)
[OK] 0189 (409816 bytes)
[OK] 0190 (415991 bytes)
[OK] 0191 (750873 bytes)
[OK] 0192 (436959 bytes)
[OK] 0193 (665172 bytes)
[OK] 0194 (741249 bytes)
[OK] 0195 (1242645 bytes)
[OK] 0196 (528511 bytes)
[OK] 0197 (594632 bytes)
[OK] 0198 (831640 bytes)
[OK] 0199 (557475 bytes)
[OK] 0200 (771121 bytes)
[OK] 0201 (1276219 bytes)
[OK] 0202 (522583 bytes)
[OK] 0203 (409073 bytes)
[OK] 0204 (219798 bytes)
[OK] 0205 (549157 bytes)
[OK] 0206 (844450 bytes)
[OK] 0207 (529034 bytes)
[OK] 0208 (610760 bytes)
[OK] 0209 (554792 bytes)
[OK] 0210 (623424 bytes)
[OK] 0211 (1134880 bytes)
[OK] 0212 (882151 bytes)
[OK] 0213 (470325 bytes)
[OK] 0214 (773732 bytes)
[OK] 0215 (556371 bytes)
[OK] 0216 (415154 bytes)
[OK] 0217 (670437 bytes)
[OK] 0218 (229054 bytes)
[OK] 0219 (481613 bytes)
[OK] 0220 (846287 bytes)
[OK] 0221 (652105 bytes)
[OK] 0222 (610043 bytes)
[OK] 0223 (907508 bytes)
[OK] 0224 (635180 bytes)
[OK] 0225 (569159 bytes)
[OK] 0226 (218647 bytes)
[OK] 0227 (310314 bytes)
[OK] 0228 (672748 bytes)
[OK] 0229 (454800 bytes)
[OK] 0230 (727273 bytes)
[OK] 0231 (706155 bytes)
[OK] 0232 (652395 bytes)
[OK] 0233 (712193 bytes)
[OK] 0234 (496754 bytes)
[OK] 0235 (775781 bytes)
[OK] 0236 (1033430 bytes)
[OK] 0237 (1258480 bytes)
[OK] 0238 (921106 bytes)
[OK] 0239 (659696 bytes)
[OK] 0240 (548613 bytes)
[OK] 0241 (378164 bytes)
[OK] 0242 (573083 bytes)
[OK] 0243 (670886 bytes)
[OK] 0244 (545201 bytes)
[OK] 0245 (492071 bytes)
[OK] 0246 (716205 bytes)
[OK] 0247 (1072675 bytes)
[OK] 0248 (1016385 bytes)
[OK] 0249 (1261353 bytes)
[OK] 0250 (852674 bytes)
[OK] 0251 (789790 bytes)
[OK] 0252 (1205986 bytes)
[OK] 0253 (471853 bytes)
[OK] 0254 (825019 bytes)
[OK] 0255 (601423 bytes)
[OK] 0256 (811584 bytes)
[OK] 0257 (910933 bytes)
[OK] 0258 (472805 bytes)
[OK] 0259 (703626 bytes)
[OK] 0260 (583085 bytes)
[OK] 0261 (1124636 bytes)
[OK] 0262 (741683 bytes)
[OK] 0263 (886955 bytes)
[OK] 0264 (761136 bytes)
[OK] 0265 (419460 bytes)
[OK] 0266 (603806 bytes)
[OK] 0267 (434171 bytes)
[OK] 0268 (565680 bytes)
[OK] 0269 (611854 bytes)
[OK] 0270 (951473 bytes)
[OK] 0271 (737104 bytes)
[OK] 0272 (801514 bytes)
[OK] 0273 (699053 bytes)
[OK] 0274 (613944 bytes)
[OK] 0275 (822898 bytes)
[OK] 0276 (566008 bytes)
[OK] 0277 (851522 bytes)
[OK] 0278 (356117 bytes)
[OK] 0279 (728783 bytes)
[OK] 0280 (813332 bytes)
[OK] 0281 (547965 bytes)
[OK] 0282 (429678 bytes)
[OK] 0283 (664200 bytes)
[OK] 0284 (543853 bytes)
[OK] 0285 (865872 bytes)
[OK] 0286 (599858 bytes)
[OK] 0287 (994443 bytes)
[OK] 0288 (1405774 bytes)
[OK] 0289 (721565 bytes)
[OK] 0290 (910889 bytes)
[OK] 0291 (955305 bytes)
[FAIL] 0292: og:image 메타 태그를 찾지 못함
[OK] 0293 (613724 bytes)
[OK] 0294 (942300 bytes)
[OK] 0295 (675418 bytes)
[OK] 0296 (820276 bytes)
[OK] 0297 (540642 bytes)
[OK] 0298 (507350 bytes)
[OK] 0299 (434242 bytes)
[OK] 0300 (690566 bytes)
[OK] 0301 (793364 bytes)
[OK] 0302 (763521 bytes)
[OK] 0303 (558413 bytes)
[OK] 0304 (520017 bytes)
[OK] 0305 (1204082 bytes)
[OK] 0306 (720042 bytes)
[OK] 0307 (1096900 bytes)
[OK] 0308 (476726 bytes)
[OK] 0309 (589644 bytes)
[OK] 0310 (527196 bytes)
[OK] 0311 (758122 bytes)
[OK] 0312 (420784 bytes)
[OK] 0313 (1017937 bytes)
[OK] 0314 (884279 bytes)
[OK] 0315 (879863 bytes)
[OK] 0316 (933002 bytes)
[OK] 0317 (439496 bytes)
[OK] 0318 (690934 bytes)
[OK] 0319 (611211 bytes)
[OK] 0320 (838847 bytes)
[OK] 0321 (828089 bytes)
[OK] 0322 (988377 bytes)
[OK] 0323 (393483 bytes)
[OK] 0324 (355190 bytes)
[OK] 0325 (980364 bytes)
[OK] 0326 (497121 bytes)
[OK] 0327 (1018809 bytes)
[OK] 0328 (975788 bytes)
[OK] 0329 (411848 bytes)
[OK] 0330 (1008687 bytes)
[OK] 0331 (635855 bytes)
[OK] 0332 (647961 bytes)
[OK] 0333 (841672 bytes)
[OK] 0334 (765057 bytes)
[OK] 0335 (845241 bytes)
[OK] 0336 (692539 bytes)
[OK] 0337 (648948 bytes)
[OK] 0338 (572094 bytes)
[OK] 0339 (540370 bytes)
[OK] 0340 (973168 bytes)
[OK] 0341 (862959 bytes)
[OK] 0342 (884941 bytes)
[OK] 0343 (514331 bytes)
[OK] 0344 (847704 bytes)
[OK] 0345 (629669 bytes)
[OK] 0346 (441206 bytes)
[OK] 0347 (543923 bytes)
[OK] 0348 (779263 bytes)
[OK] 0349 (663282 bytes)
[OK] 0350 (776711 bytes)
[OK] 0351 (779392 bytes)
[OK] 0352 (797063 bytes)
[OK] 0353 (1290278 bytes)
[OK] 0354 (1082950 bytes)
[OK] 0355 (959209 bytes)
[OK] 0356 (650667 bytes)
[OK] 0357 (705554 bytes)
[OK] 0358 (580699 bytes)
[OK] 0359 (691789 bytes)
[OK] 0360 (973457 bytes)
[OK] 0361 (611645 bytes)
[OK] 0362 (559071 bytes)
[OK] 0363 (1010075 bytes)
[OK] 0364 (775463 bytes)
[OK] 0365 (653490 bytes)
[OK] 0366 (816458 bytes)
[OK] 0367 (701455 bytes)
[OK] 0368 (774406 bytes)
[OK] 0369 (675389 bytes)
[OK] 0370 (559340 bytes)
[OK] 0371 (837667 bytes)
[OK] 0372 (947398 bytes)
[OK] 0373 (764376 bytes)
[OK] 0374 (890877 bytes)
[OK] 0375 (311002 bytes)
[OK] 0376 (335493 bytes)
[OK] 0377 (370299 bytes)
[OK] 0378 (358281 bytes)
[OK] 0379 (313974 bytes)
[OK] 0380 (642072 bytes)
[OK] 0381 (485500 bytes)
[OK] 0382 (415199 bytes)
[OK] 0383 (494481 bytes)
[OK] 0384 (390469 bytes)
[OK] 0385 (708058 bytes)
[OK] 0386 (630905 bytes)
[OK] 0387 (800673 bytes)
[OK] 0388 (515946 bytes)
[OK] 0389 (879246 bytes)
[OK] 0390 (403018 bytes)
[OK] 0391 (572689 bytes)
[OK] 0392 (734702 bytes)
[OK] 0393 (853115 bytes)
[OK] 0395 (318578 bytes)
[OK] 0396 (489220 bytes)
[OK] 0397 (738644 bytes)
[OK] 0398 (583260 bytes)
[OK] 0400 (816587 bytes)
[OK] 0401 (892361 bytes)
[OK] 0402 (463802 bytes)
[OK] 0403 (368971 bytes)
[OK] 0404 (673951 bytes)
[OK] 0405 (626576 bytes)
[OK] 0406 (934447 bytes)
[OK] 0407 (758710 bytes)
[OK] 0408 (562098 bytes)
[OK] 0410 (698045 bytes)
[OK] 0412 (498065 bytes)
[OK] 0413 (708945 bytes)
[OK] 0414 (1299172 bytes)
[OK] 0415 (458714 bytes)
[OK] 0416 (702531 bytes)
[OK] 0417 (420321 bytes)
[OK] 0418 (517609 bytes)
[OK] 0419 (854652 bytes)
[OK] 0420 (706491 bytes)
[OK] 0421 (1329309 bytes)
[OK] 0422 (831291 bytes)
[OK] 0423 (1393465 bytes)
[OK] 0424 (626275 bytes)
[OK] 0426 (607677 bytes)
[OK] 0427 (627447 bytes)
[OK] 0428 (842573 bytes)
[OK] 0429 (1381774 bytes)
[OK] 0430 (1252529 bytes)
[OK] 0431 (658247 bytes)
[OK] 0432 (574589 bytes)
[OK] 0433 (386071 bytes)
[OK] 0434 (468770 bytes)
[OK] 0435 (514482 bytes)
[OK] 0436 (632582 bytes)
[OK] 0438 (899146 bytes)
[OK] 0439 (829686 bytes)
[OK] 0440 (585518 bytes)
[OK] 0441 (822033 bytes)
[OK] 0443 (914961 bytes)
[OK] 0445 (921927 bytes)
[OK] 0446 (954676 bytes)
[OK] 0448 (529631 bytes)
[OK] 0449 (688299 bytes)
[OK] 0450 (1346087 bytes)
[OK] 0451 (554067 bytes)
[OK] 0453 (471157 bytes)
[OK] 0454 (687468 bytes)
[OK] 0455 (587582 bytes)
[OK] 0457 (807680 bytes)
[OK] 0458 (907553 bytes)
[OK] 0459 (1516786 bytes)
[OK] 0460 (912503 bytes)
[OK] 0461 (418901 bytes)
[FAIL] 0462: og:image 메타 태그를 찾지 못함
[OK] 0463 (774864 bytes)
[OK] 0464 (617530 bytes)
[OK] 0465 (600280 bytes)
[OK] 0466 (700307 bytes)
[OK] 0467 (589666 bytes)
[OK] 0468 (1112214 bytes)
[OK] 0469 (902825 bytes)
[OK] 0470 (1172672 bytes)
[OK] 0471 (944955 bytes)
[OK] 0472 (657913 bytes)
[OK] 0473 (802691 bytes)
[OK] 0474 (745598 bytes)
[OK] 0475 (1229711 bytes)
[OK] 0476 (1183974 bytes)
[OK] 0477 (1457650 bytes)
[OK] 0478 (1342986 bytes)
[OK] 0479 (1658883 bytes)
[OK] 0480 (925476 bytes)
[OK] 0481 (1063162 bytes)
[OK] 0482 (659068 bytes)
[OK] 0484 (514497 bytes)
[OK] 0485 (1070156 bytes)
[OK] 0486 (767193 bytes)
[OK] 0487 (1253952 bytes)
[OK] 0488 (1187691 bytes)
[OK] 0489 (855636 bytes)
[OK] 0490 (659110 bytes)
[OK] 0491 (522826 bytes)
[OK] 0492 (1415693 bytes)
[OK] 0493 (741334 bytes)
[OK] 0494 (555098 bytes)
[OK] 0495 (481018 bytes)
[OK] 0497 (515433 bytes)
[OK] 0498 (611570 bytes)
[OK] 0499 (1090425 bytes)
[OK] 0500 (1540168 bytes)
[OK] 0501 (424807 bytes)
[OK] 0502 (783724 bytes)
[OK] 0503 (426185 bytes)
[OK] 0504 (686369 bytes)
[OK] 0505 (1077306 bytes)
[OK] 0506 (1276620 bytes)
[OK] 0507 (1116845 bytes)
[OK] 0508 (739798 bytes)
[OK] 0509 (431560 bytes)
[OK] 0510 (748302 bytes)
[OK] 0511 (845628 bytes)
[OK] 0512 (545302 bytes)
[OK] 0513 (612271 bytes)
[OK] 0514 (1445190 bytes)
[OK] 0515 (912344 bytes)
[OK] 0516 (1185705 bytes)
[OK] 0517 (471762 bytes)
[OK] 0518 (728544 bytes)
[OK] 0519 (533740 bytes)
[FAIL] 0520: og:image 메타 태그를 찾지 못함
[OK] 0521 (562257 bytes)
[OK] 0522 (607952 bytes)
[OK] 0523 (642842 bytes)
[OK] 0524 (843558 bytes)
[OK] 0525 (583256 bytes)
[OK] 0526 (1039715 bytes)
[OK] 0527 (1297729 bytes)
[OK] 0528 (750652 bytes)
[OK] 0529 (692144 bytes)
[OK] 0530 (1269233 bytes)
[OK] 0531 (499339 bytes)
[OK] 0532 (1053103 bytes)
[OK] 0533 (24532 bytes)
[OK] 0534 (1693946 bytes)
[OK] 0535 (24532 bytes)
[OK] 0536 (1602007 bytes)
[OK] 0537 (1007042 bytes)
[OK] 0538 (783383 bytes)
[OK] 0539 (961279 bytes)
[OK] 0540 (24532 bytes)
[OK] 0541 (1066385 bytes)
[OK] 0543 (1186879 bytes)
[OK] 0545 (1221412 bytes)
[OK] 0546 (811981 bytes)
[OK] 0547 (1180016 bytes)
[OK] 0548 (1480689 bytes)
[OK] 0549 (1038574 bytes)
[OK] 0550 (1101439 bytes)
[OK] 0551 (1712993 bytes)
[OK] 0552 (1154027 bytes)
[OK] 0553 (1510868 bytes)
[OK] 0554 (1039233 bytes)
[OK] 0555 (1566985 bytes)
[OK] 0556 (1295276 bytes)
[OK] 0557 (1027294 bytes)
[OK] 0558 (605145 bytes)
[OK] 0559 (1258677 bytes)
[OK] 0560 (1152577 bytes)
[OK] 0561 (1220360 bytes)
[OK] 0562 (968369 bytes)
[OK] 0563 (946073 bytes)
[OK] 0564 (925418 bytes)
[OK] 0565 (760102 bytes)
[OK] 0566 (934278 bytes)
[OK] 0567 (915517 bytes)
[OK] 0568 (684841 bytes)
[OK] 0569 (1052533 bytes)
[OK] 0570 (586330 bytes)
[OK] 0571 (1055547 bytes)
[OK] 0572 (947119 bytes)
[OK] 0573 (1102055 bytes)
[OK] 0574 (1096519 bytes)
[OK] 0575 (1120198 bytes)
[OK] 0576 (658287 bytes)
[OK] 0577 (1133731 bytes)
[OK] 0578 (763163 bytes)
[OK] 0579 (704620 bytes)
[OK] 0580 (1355931 bytes)
[OK] 0581 (665769 bytes)
[OK] 0583 (753825 bytes)
[OK] 0584 (957491 bytes)
[OK] 0585 (693231 bytes)
[OK] 0586 (866417 bytes)
[OK] 0587 (1065762 bytes)
[OK] 0588 (1179645 bytes)
[OK] 0589 (1025463 bytes)
[OK] 0590 (865709 bytes)
[OK] 0591 (713069 bytes)
[OK] 0592 (1047011 bytes)
[OK] 0594 (743458 bytes)
[OK] 0595 (1481615 bytes)
[OK] 0596 (716181 bytes)
[OK] 0597 (742877 bytes)
[OK] 0598 (566698 bytes)
[OK] 0599 (1463285 bytes)
[OK] 0600 (821639 bytes)
[OK] 0601 (899509 bytes)
[OK] 0602 (939449 bytes)
[OK] 0603 (1260385 bytes)
[OK] 0604 (735148 bytes)
[OK] 0605 (881089 bytes)
[OK] 0606 (870220 bytes)
[OK] 0607 (779313 bytes)
[OK] 0608 (1083277 bytes)
[OK] 0609 (814579 bytes)
[OK] 0610 (1406182 bytes)
[OK] 0611 (1122105 bytes)
[OK] 0612 (1218906 bytes)
[OK] 0613 (1448986 bytes)
[OK] 0614 (872915 bytes)
[OK] 0615 (1219460 bytes)
[OK] 0616 (472602 bytes)
[OK] 0617 (928601 bytes)
[OK] 0618 (869046 bytes)
[OK] 0619 (76689 bytes)
[OK] 0620 (1615434 bytes)
[OK] 0621 (1500662 bytes)
[OK] 0623 (1346845 bytes)
[OK] 0624 (839550 bytes)
[OK] 0625 (929748 bytes)
[OK] 0626 (919825 bytes)
[OK] 0627 (852753 bytes)
[OK] 0628 (920634 bytes)
[OK] 0629 (547462 bytes)
[OK] 0630 (1344370 bytes)
[OK] 0631 (1159616 bytes)
[OK] 0632 (1191255 bytes)
[OK] 0633 (1250117 bytes)
[OK] 0634 (702236 bytes)
[OK] 0635 (664139 bytes)
[OK] 0636 (764300 bytes)
[OK] 0637 (1570662 bytes)
[OK] 0638 (619098 bytes)
[OK] 0639 (543843 bytes)
[OK] 0640 (988136 bytes)
[OK] 0641 (1078880 bytes)
[OK] 0642 (383298 bytes)
[OK] 0643 (1430724 bytes)
[OK] 0644 (367345 bytes)
[OK] 0645 (846067 bytes)
[OK] 0646 (807334 bytes)
[OK] 0647 (614958 bytes)
[OK] 0648 (555357 bytes)
[OK] 0649 (686146 bytes)
[OK] 0650 (933574 bytes)
[OK] 0651 (1048303 bytes)
[OK] 0652 (529995 bytes)
[OK] 0653 (1107767 bytes)
[OK] 0654 (589368 bytes)
[OK] 0655 (636607 bytes)
[OK] 0656 (1102552 bytes)
[OK] 0657 (790409 bytes)
[OK] 0658 (746049 bytes)
[OK] 0659 (571806 bytes)
[OK] 0660 (764437 bytes)
[OK] 0661 (1145193 bytes)
[OK] 0663 (869521 bytes)
[OK] 0664 (581820 bytes)
[OK] 0665 (220712 bytes)
[OK] 0666 (2531266 bytes)
[OK] 0667 (1257902 bytes)
[OK] 0668 (714467 bytes)
[OK] 0669 (1184287 bytes)
[OK] 0670 (1247656 bytes)
[OK] 0671 (195466 bytes)
[OK] 0672 (939228 bytes)
[OK] 0673 (1046578 bytes)
[OK] 0674 (681676 bytes)
[OK] 0675 (876679 bytes)
[OK] 0676 (816324 bytes)
[OK] 0677 (1372852 bytes)
[OK] 0678 (496866 bytes)
[OK] 0679 (1403335 bytes)
[OK] 0680 (1552572 bytes)
[OK] 0681 (1864950 bytes)
[OK] 0682 (1363628 bytes)
[OK] 0683 (1180650 bytes)
[OK] 0684 (825098 bytes)
[OK] 0685 (1317233 bytes)
[OK] 0686 (1398007 bytes)
[OK] 0687 (770371 bytes)
[OK] 0688 (679668 bytes)
[OK] 0689 (873921 bytes)
[OK] 0690 (1448144 bytes)
[OK] 0691 (1067034 bytes)
[OK] 0692 (1963082 bytes)
[OK] 0693 (632724 bytes)
[OK] 0694 (1010375 bytes)
[OK] 0695 (1178910 bytes)
[OK] 0696 (1856206 bytes)
[OK] 0697 (1344686 bytes)
[OK] 0698 (1235381 bytes)
[OK] 0699 (981811 bytes)
[OK] 0700 (405442 bytes)
[OK] 0701 (361338 bytes)
[OK] 0702 (264879 bytes)
[OK] 0703 (1218254 bytes)
[OK] 0704 (1082823 bytes)
[OK] 0705 (988280 bytes)
[OK] 0706 (654867 bytes)
[OK] 0707 (999980 bytes)
[OK] 0708 (669841 bytes)
[OK] 0709 (979943 bytes)
[OK] 0710 (1185424 bytes)
[OK] 0711 (760992 bytes)
[OK] 0712 (1345108 bytes)
[OK] 0713 (1037346 bytes)
[OK] 0714 (1111560 bytes)
[OK] 0715 (1406761 bytes)
[OK] 0716 (970976 bytes)
[OK] 0717 (1459994 bytes)
[OK] 0718 (1092201 bytes)
[OK] 0719 (628825 bytes)
[OK] 0720 (742112 bytes)
[FAIL] 0721: og:image 메타 태그를 찾지 못함
[OK] 0722 (1097508 bytes)
[OK] 0723 (1207748 bytes)
[OK] 0724 (467312 bytes)
[OK] 0725 (792572 bytes)
[OK] 0726 (516833 bytes)
[OK] 0727 (958723 bytes)
[OK] 0728 (444605 bytes)
[OK] 0729 (472303 bytes)
[OK] 0730 (598005 bytes)
[OK] 0731 (1012664 bytes)
[OK] 0732 (784857 bytes)
[OK] 0733 (1283316 bytes)
[OK] 0734 (1923226 bytes)
[OK] 0735 (1273977 bytes)
[OK] 0736 (1340768 bytes)
[OK] 0737 (905113 bytes)
[OK] 0738 (680691 bytes)
[OK] 0739 (1283652 bytes)
[OK] 0740 (1445851 bytes)
[OK] 0741 (963102 bytes)
[OK] 0742 (1143431 bytes)
[OK] 0743 (945047 bytes)
[OK] 0744 (986313 bytes)
[OK] 0745 (450829 bytes)
[OK] 0746 (968323 bytes)
[OK] 0747 (1351063 bytes)
[OK] 0748 (1907112 bytes)
[OK] 0749 (1552468 bytes)
[OK] 0750 (1148981 bytes)
[OK] 0751 (1081259 bytes)
[OK] 0752 (1084253 bytes)
[OK] 0753 (1511656 bytes)
[OK] 0754 (625726 bytes)
[OK] 0755 (915579 bytes)
[OK] 0756 (1040542 bytes)
[OK] 0757 (838012 bytes)
[OK] 0758 (1280443 bytes)
[OK] 0759 (1401982 bytes)
[OK] 0760 (1056200 bytes)
[OK] 0761 (1173920 bytes)
[OK] 0762 (1044382 bytes)
[OK] 0763 (1548598 bytes)
[OK] 0764 (833944 bytes)
[OK] 0765 (1752450 bytes)
[OK] 0766 (1101599 bytes)
[OK] 0767 (928815 bytes)
[OK] 0768 (1342913 bytes)
[OK] 0769 (1195168 bytes)
[OK] 0770 (859925 bytes)
[OK] 0771 (700629 bytes)
[OK] 0772 (2691295 bytes)
[OK] 0773 (1000301 bytes)
[OK] 0774 (1180524 bytes)
[OK] 0775 (849304 bytes)
[OK] 0776 (1374125 bytes)
[OK] 0777 (968323 bytes)
[OK] 0778 (702803 bytes)
[OK] 0779 (2544501 bytes)
[OK] 0780 (726757 bytes)
[OK] 0781 (825964 bytes)
[OK] 0782 (1146530 bytes)
[OK] 0783 (974845 bytes)
[OK] 0784 (905202 bytes)
[OK] 0785 (1848753 bytes)
[OK] 0786 (904583 bytes)
[OK] 0787 (1605092 bytes)
[OK] 0788 (985495 bytes)
[OK] 0789 (885103 bytes)
[OK] 0790 (1614757 bytes)
[OK] 0791 (1075811 bytes)
[OK] 0792 (1439925 bytes)
[OK] 0793 (1211178 bytes)
[OK] 0794 (1065623 bytes)
[OK] 0795 (736757 bytes)
[OK] 0796 (1959987 bytes)
[OK] 0797 (541974 bytes)
[OK] 0798 (947544 bytes)
[OK] 0799 (1117745 bytes)
[OK] 0800 (935534 bytes)
[OK] 0801 (1065944 bytes)
[OK] 0802 (1684054 bytes)
[OK] 0803 (1112999 bytes)
[OK] 0804 (704853 bytes)
[OK] 0805 (1680408 bytes)
[OK] 0806 (1132821 bytes)
[OK] 0807 (1119795 bytes)
[OK] 0808 (1542274 bytes)
[OK] 0809 (867760 bytes)
[OK] 0810 (1207919 bytes)
[OK] 0811 (1462263 bytes)
[OK] 0812 (722376 bytes)
[OK] 0813 (1011229 bytes)
[OK] 0814 (1272853 bytes)
[OK] 0815 (1421336 bytes)
[OK] 0816 (1578207 bytes)
[OK] 0818 (1134391 bytes)
[OK] 0819 (911221 bytes)
[OK] 0820 (817212 bytes)
[OK] 0821 (896769 bytes)
[OK] 0822 (1685601 bytes)
[OK] 0823 (1508969 bytes)
[OK] 0824 (1090518 bytes)
[OK] 0825 (1052801 bytes)
[OK] 0826 (1096013 bytes)
[OK] 0827 (1557973 bytes)
[OK] 0828 (956929 bytes)
[OK] 0829 (1130983 bytes)
[OK] 0830 (943530 bytes)
[OK] 0831 (718229 bytes)
[OK] 0832 (1198510 bytes)
[OK] 0833 (647359 bytes)
[OK] 0834 (1017671 bytes)
[OK] 0835 (898006 bytes)
[FAIL] 0836: og:image 메타 태그를 찾지 못함
[OK] 0837 (685825 bytes)
[OK] 0838 (1130426 bytes)
[OK] 0839 (866008 bytes)
[OK] 0840 (696312 bytes)
[OK] 0841 (1055262 bytes)
[OK] 0842 (738255 bytes)
[OK] 0843 (1016622 bytes)
[OK] 0844 (875282 bytes)
[OK] 0845 (982369 bytes)
[OK] 0846 (644232 bytes)
[OK] 0847 (1056242 bytes)
[OK] 0848 (541323 bytes)
